BayesWave / Welch PSD, median per band; % of bins below 50 Hz differing by > 30%
  H1  20-30: 0.93  30-50: 0.92  50-100: 1.09  100-1024: 1.02   30%
  L1  20-30: 1.69  30-50: 0.94  50-100: 1.12  100-1024: 1.01   28%

PSD                         agnostic    SR 1e6   max log-weight scatter
Welch                          -1.15     +0.12   0.10
BayesWave                      +0.64     +1.67   0.91
H1 20-30 Hz                    -0.60     +0.67   0.27
H1 30-50 Hz                    -0.90     +0.40   0.18
H1 50-100 Hz                   -1.24     -0.01   0.28
H1 100-1024 Hz                 -1.15     +0.05   0.20
L1 20-30 Hz                    -0.33     +0.88   0.56
L1 30-50 Hz                    -0.70     +0.55   0.19
L1 50-100 Hz                   -1.22     +0.01   0.15
L1 100-1024 Hz                 -1.25     -0.02   0.32
H1 20-25 Hz                    -1.00     +0.27   0.12
H1 25-30 Hz                    -0.75     +0.52   0.27
H1 30-35 Hz                    -0.97     +0.30   0.12
H1 35-40 Hz                    -1.08     +0.19   0.14
H1 40-50 Hz                    -1.13     +0.15   0.12
L1 20-25 Hz                    -0.50     +0.73   0.53
L1 25-30 Hz                    -0.96     +0.29   0.19
L1 30-35 Hz                    -0.49     +0.76   0.20
L1 35-40 Hz                    -1.24     +0.02   0.13
L1 40-50 Hz                    -1.26     +0.01   0.12
<50 Hz, |ratio-1| > 0.3        +0.18     +1.47   0.75
<50 Hz, |ratio-1| <= 0.3       -0.40     +0.85   0.35
